0100000100000000011111101111101011010011010000011110000101001100
