00111111110011011001000000011101011111001111011100111010101100000011101010110000
