01000000000001011111100001101101101100010010001111111001110110101111100111011010
