0100000010111010110100010000000000100111010100100101010001100001
