01000000001000101000001101000010111100000111010010100011110001001010001111000100
