0011111100101011000010001110111111101000101100001010111000001000
